{
  "structs": {
    "GatewayV0": {
      "name": "GatewayV0",
      "abilities": [
        "store"
      ],
      "fields": [
        {
          "name": "operator",
          "type": "address,"
        },
        {
          "name": "messages",
          "type": "Table<Bytes32, MessageStatus>,"
        },
        {
          "name": "signers",
          "type": "AxelarSigners,"
        },
        {
          "name": "version_control",
          "type": "VersionControl"
        }
      ]
    }
  },
  "publicFunctions": {}
}