{
  "structs": {},
  "publicFunctions": {
    "get_transaction": {
      "name": "get_transaction",
      "visibility": "public",
      "params": {
        "squid#0#0": "&Squid",
        "its#0#0": "&ITS",
        "payload#0#0": "vector<u8>"
      },
      "returnType": "Transaction"
    }
  }
}