{
  "structs": {
    "InterchainAddressTracker": {
      "name": "InterchainAddressTracker",
      "abilities": [
        "store"
      ],
      "fields": [
        {
          "name": "trusted_addresses",
          "type": "Table<String, String>"
        }
      ]
    }
  },
  "publicFunctions": {
    "get_trusted_address": {
      "name": "get_trusted_address",
      "visibility": "public",
      "params": {
        "self#0#0": "&InterchainAddressTracker",
        "chain_name#0#0": "String"
      },
      "returnType": "&String"
    },
    "is_trusted_address": {
      "name": "is_trusted_address",
      "visibility": "public",
      "params": {
        "self#0#0": "&InterchainAddressTracker",
        "chain_name#0#0": "String",
        "addr#0#0": "String"
      },
      "returnType": "bool"
    }
  }
}